/home/robbyrnes/git-repos/SSLClient/examples/Esp32-Arduino-IDE/https_eth_LilyGo-T-ETH-POE/
Compiling example in directory: /home/robbyrnes/git-repos/SSLClient/examples/Esp32-Arduino-IDE/https_eth_LilyGo-T-ETH-POE/ for board: esp32:esp32:esp32doit-devkit-v1
Sketch uses 1034953 bytes (78%) of program storage space. Maximum is 1310720 bytes.
Global variables use 45756 bytes (13%) of dynamic memory, leaving 281924 bytes for local variables. Maximum is 327680 bytes.

[92mUsed library[0m      [92mVersion[0m [90mPath[0m
[93mArduinoHttpClient[0m 0.6.0   [90m/home/robbyrnes/Arduino/libraries/ArduinoHttpClient[0m
[93mEthernet[0m          2.0.0   [90m/home/robbyrnes/.arduino15/packages/esp32/hardware/esp32/3.0.2/libraries/Ethernet[0m
[93mNetworking[0m        1.0.0   [90m/home/robbyrnes/.arduino15/packages/esp32/hardware/esp32/3.0.2/libraries/Network[0m
[93mSPI[0m               2.0.0   [90m/home/robbyrnes/.arduino15/packages/esp32/hardware/esp32/3.0.2/libraries/SPI[0m
[93mWiFi[0m              2.0.0   [90m/home/robbyrnes/.arduino15/packages/esp32/hardware/esp32/3.0.2/libraries/WiFi[0m
[93mGovoroxSSLClient[0m  1.3.1   [90m/home/robbyrnes/Arduino/libraries/GovoroxSSLClient[0m

[92mUsed platform[0m [92mVersion[0m [90mPath[0m
[93mesp32:esp32[0m   3.0.2   [90m/home/robbyrnes/.arduino15/packages/esp32/hardware/esp32/3.0.2[0m
Compilation successful for /home/robbyrnes/git-repos/SSLClient/examples/Esp32-Arduino-IDE/https_eth_LilyGo-T-ETH-POE/ for board: esp32:esp32:esp32doit-devkit-v1
Compiling example in directory: /home/robbyrnes/git-repos/SSLClient/examples/Esp32-Arduino-IDE/https_eth_LilyGo-T-ETH-POE/ for board: esp32:esp32:esp32wroverkit
Sketch uses 1047085 bytes (79%) of program storage space. Maximum is 1310720 bytes.
Global variables use 45844 bytes (13%) of dynamic memory, leaving 281836 bytes for local variables. Maximum is 327680 bytes.

[92mUsed library[0m      [92mVersion[0m [90mPath[0m
[93mArduinoHttpClient[0m 0.6.0   [90m/home/robbyrnes/Arduino/libraries/ArduinoHttpClient[0m
[93mEthernet[0m          2.0.0   [90m/home/robbyrnes/.arduino15/packages/esp32/hardware/esp32/3.0.2/libraries/Ethernet[0m
[93mNetworking[0m        1.0.0   [90m/home/robbyrnes/.arduino15/packages/esp32/hardware/esp32/3.0.2/libraries/Network[0m
[93mSPI[0m               2.0.0   [90m/home/robbyrnes/.arduino15/packages/esp32/hardware/esp32/3.0.2/libraries/SPI[0m
[93mWiFi[0m              2.0.0   [90m/home/robbyrnes/.arduino15/packages/esp32/hardware/esp32/3.0.2/libraries/WiFi[0m
[93mGovoroxSSLClient[0m  1.3.1   [90m/home/robbyrnes/Arduino/libraries/GovoroxSSLClient[0m

[92mUsed platform[0m [92mVersion[0m [90mPath[0m
[93mesp32:esp32[0m   3.0.2   [90m/home/robbyrnes/.arduino15/packages/esp32/hardware/esp32/3.0.2[0m
Compilation successful for /home/robbyrnes/git-repos/SSLClient/examples/Esp32-Arduino-IDE/https_eth_LilyGo-T-ETH-POE/ for board: esp32:esp32:esp32wroverkit
Cleaning example in directory: /home/robbyrnes/git-repos/SSLClient/examples/Esp32-Arduino-IDE/https_eth_LilyGo-T-ETH-POE/
Cleaning successful for /home/robbyrnes/git-repos/SSLClient/examples/Esp32-Arduino-IDE/https_eth_LilyGo-T-ETH-POE/
/home/robbyrnes/git-repos/SSLClient/examples/Esp32-Arduino-IDE/https_get_sim7600/
Compiling example in directory: /home/robbyrnes/git-repos/SSLClient/examples/Esp32-Arduino-IDE/https_get_sim7600/ for board: esp32:esp32:esp32doit-devkit-v1
Sketch uses 507701 bytes (38%) of program storage space. Maximum is 1310720 bytes.
Global variables use 21424 bytes (6%) of dynamic memory, leaving 306256 bytes for local variables. Maximum is 327680 bytes.

[92mUsed library[0m      [92mVersion[0m [90mPath[0m
[93mTinyGSM[0m           0.12.0  [90m/home/robbyrnes/Arduino/libraries/TinyGSM[0m
[93mArduinoHttpClient[0m 0.6.0   [90m/home/robbyrnes/Arduino/libraries/ArduinoHttpClient[0m
[93mGovoroxSSLClient[0m  1.3.1   [90m/home/robbyrnes/Arduino/libraries/GovoroxSSLClient[0m

[92mUsed platform[0m [92mVersion[0m [90mPath[0m
[93mesp32:esp32[0m   3.0.2   [90m/home/robbyrnes/.arduino15/packages/esp32/hardware/esp32/3.0.2[0m
Compilation successful for /home/robbyrnes/git-repos/SSLClient/examples/Esp32-Arduino-IDE/https_get_sim7600/ for board: esp32:esp32:esp32doit-devkit-v1
Compiling example in directory: /home/robbyrnes/git-repos/SSLClient/examples/Esp32-Arduino-IDE/https_get_sim7600/ for board: esp32:esp32:esp32wroverkit
Sketch uses 519097 bytes (39%) of program storage space. Maximum is 1310720 bytes.
Global variables use 21496 bytes (6%) of dynamic memory, leaving 306184 bytes for local variables. Maximum is 327680 bytes.

[92mUsed library[0m      [92mVersion[0m [90mPath[0m
[93mTinyGSM[0m           0.12.0  [90m/home/robbyrnes/Arduino/libraries/TinyGSM[0m
[93mArduinoHttpClient[0m 0.6.0   [90m/home/robbyrnes/Arduino/libraries/ArduinoHttpClient[0m
[93mGovoroxSSLClient[0m  1.3.1   [90m/home/robbyrnes/Arduino/libraries/GovoroxSSLClient[0m

[92mUsed platform[0m [92mVersion[0m [90mPath[0m
[93mesp32:esp32[0m   3.0.2   [90m/home/robbyrnes/.arduino15/packages/esp32/hardware/esp32/3.0.2[0m
Compilation successful for /home/robbyrnes/git-repos/SSLClient/examples/Esp32-Arduino-IDE/https_get_sim7600/ for board: esp32:esp32:esp32wroverkit
Cleaning example in directory: /home/robbyrnes/git-repos/SSLClient/examples/Esp32-Arduino-IDE/https_get_sim7600/
Cleaning successful for /home/robbyrnes/git-repos/SSLClient/examples/Esp32-Arduino-IDE/https_get_sim7600/
/home/robbyrnes/git-repos/SSLClient/examples/Esp32-Arduino-IDE/https_gsm_SIM7000/
Compiling example in directory: /home/robbyrnes/git-repos/SSLClient/examples/Esp32-Arduino-IDE/https_gsm_SIM7000/ for board: esp32:esp32:esp32doit-devkit-v1
Sketch uses 499837 bytes (38%) of program storage space. Maximum is 1310720 bytes.
Global variables use 22216 bytes (6%) of dynamic memory, leaving 305464 bytes for local variables. Maximum is 327680 bytes.

[92mUsed library[0m      [92mVersion[0m [90mPath[0m
[93mArduinoHttpClient[0m 0.6.0   [90m/home/robbyrnes/Arduino/libraries/ArduinoHttpClient[0m
[93mGovoroxSSLClient[0m  1.3.1   [90m/home/robbyrnes/Arduino/libraries/GovoroxSSLClient[0m
[93mTinyGSM[0m           0.12.0  [90m/home/robbyrnes/Arduino/libraries/TinyGSM[0m

[92mUsed platform[0m [92mVersion[0m [90mPath[0m
[93mesp32:esp32[0m   3.0.2   [90m/home/robbyrnes/.arduino15/packages/esp32/hardware/esp32/3.0.2[0m
Compilation successful for /home/robbyrnes/git-repos/SSLClient/examples/Esp32-Arduino-IDE/https_gsm_SIM7000/ for board: esp32:esp32:esp32doit-devkit-v1
Compiling example in directory: /home/robbyrnes/git-repos/SSLClient/examples/Esp32-Arduino-IDE/https_gsm_SIM7000/ for board: esp32:esp32:esp32wroverkit
Sketch uses 511477 bytes (39%) of program storage space. Maximum is 1310720 bytes.
Global variables use 22288 bytes (6%) of dynamic memory, leaving 305392 bytes for local variables. Maximum is 327680 bytes.

[92mUsed library[0m      [92mVersion[0m [90mPath[0m
[93mArduinoHttpClient[0m 0.6.0   [90m/home/robbyrnes/Arduino/libraries/ArduinoHttpClient[0m
[93mGovoroxSSLClient[0m  1.3.1   [90m/home/robbyrnes/Arduino/libraries/GovoroxSSLClient[0m
[93mTinyGSM[0m           0.12.0  [90m/home/robbyrnes/Arduino/libraries/TinyGSM[0m

[92mUsed platform[0m [92mVersion[0m [90mPath[0m
[93mesp32:esp32[0m   3.0.2   [90m/home/robbyrnes/.arduino15/packages/esp32/hardware/esp32/3.0.2[0m
Compilation successful for /home/robbyrnes/git-repos/SSLClient/examples/Esp32-Arduino-IDE/https_gsm_SIM7000/ for board: esp32:esp32:esp32wroverkit
Cleaning example in directory: /home/robbyrnes/git-repos/SSLClient/examples/Esp32-Arduino-IDE/https_gsm_SIM7000/
Cleaning successful for /home/robbyrnes/git-repos/SSLClient/examples/Esp32-Arduino-IDE/https_gsm_SIM7000/
/home/robbyrnes/git-repos/SSLClient/examples/Esp32-Arduino-IDE/https_gsm_SIM800/
Compiling example in directory: /home/robbyrnes/git-repos/SSLClient/examples/Esp32-Arduino-IDE/https_gsm_SIM800/ for board: esp32:esp32:esp32doit-devkit-v1
Sketch uses 517297 bytes (39%) of program storage space. Maximum is 1310720 bytes.
Global variables use 22624 bytes (6%) of dynamic memory, leaving 305056 bytes for local variables. Maximum is 327680 bytes.

[92mUsed library[0m      [92mVersion[0m [90mPath[0m
[93mArduinoHttpClient[0m 0.6.0   [90m/home/robbyrnes/Arduino/libraries/ArduinoHttpClient[0m
[93mWire[0m              2.0.0   [90m/home/robbyrnes/.arduino15/packages/esp32/hardware/esp32/3.0.2/libraries/Wire[0m
[93mGovoroxSSLClient[0m  1.3.1   [90m/home/robbyrnes/Arduino/libraries/GovoroxSSLClient[0m
[93mTinyGSM[0m           0.12.0  [90m/home/robbyrnes/Arduino/libraries/TinyGSM[0m

[92mUsed platform[0m [92mVersion[0m [90mPath[0m
[93mesp32:esp32[0m   3.0.2   [90m/home/robbyrnes/.arduino15/packages/esp32/hardware/esp32/3.0.2[0m
Compilation successful for /home/robbyrnes/git-repos/SSLClient/examples/Esp32-Arduino-IDE/https_gsm_SIM800/ for board: esp32:esp32:esp32doit-devkit-v1
Compiling example in directory: /home/robbyrnes/git-repos/SSLClient/examples/Esp32-Arduino-IDE/https_gsm_SIM800/ for board: esp32:esp32:esp32wroverkit
Sketch uses 529125 bytes (40%) of program storage space. Maximum is 1310720 bytes.
Global variables use 22696 bytes (6%) of dynamic memory, leaving 304984 bytes for local variables. Maximum is 327680 bytes.

[92mUsed library[0m      [92mVersion[0m [90mPath[0m
[93mArduinoHttpClient[0m 0.6.0   [90m/home/robbyrnes/Arduino/libraries/ArduinoHttpClient[0m
[93mWire[0m              2.0.0   [90m/home/robbyrnes/.arduino15/packages/esp32/hardware/esp32/3.0.2/libraries/Wire[0m
[93mGovoroxSSLClient[0m  1.3.1   [90m/home/robbyrnes/Arduino/libraries/GovoroxSSLClient[0m
[93mTinyGSM[0m           0.12.0  [90m/home/robbyrnes/Arduino/libraries/TinyGSM[0m

[92mUsed platform[0m [92mVersion[0m [90mPath[0m
[93mesp32:esp32[0m   3.0.2   [90m/home/robbyrnes/.arduino15/packages/esp32/hardware/esp32/3.0.2[0m
Compilation successful for /home/robbyrnes/git-repos/SSLClient/examples/Esp32-Arduino-IDE/https_gsm_SIM800/ for board: esp32:esp32:esp32wroverkit
Cleaning example in directory: /home/robbyrnes/git-repos/SSLClient/examples/Esp32-Arduino-IDE/https_gsm_SIM800/
Cleaning successful for /home/robbyrnes/git-repos/SSLClient/examples/Esp32-Arduino-IDE/https_gsm_SIM800/
/home/robbyrnes/git-repos/SSLClient/examples/Esp32-Arduino-IDE/https_post_sim7600/
Compiling example in directory: /home/robbyrnes/git-repos/SSLClient/examples/Esp32-Arduino-IDE/https_post_sim7600/ for board: esp32:esp32:esp32doit-devkit-v1
Sketch uses 509861 bytes (38%) of program storage space. Maximum is 1310720 bytes.
Global variables use 21424 bytes (6%) of dynamic memory, leaving 306256 bytes for local variables. Maximum is 327680 bytes.

[92mUsed library[0m      [92mVersion[0m [90mPath[0m
[93mTinyGSM[0m           0.12.0  [90m/home/robbyrnes/Arduino/libraries/TinyGSM[0m
[93mArduinoHttpClient[0m 0.6.0   [90m/home/robbyrnes/Arduino/libraries/ArduinoHttpClient[0m
[93mGovoroxSSLClient[0m  1.3.1   [90m/home/robbyrnes/Arduino/libraries/GovoroxSSLClient[0m

[92mUsed platform[0m [92mVersion[0m [90mPath[0m
[93mesp32:esp32[0m   3.0.2   [90m/home/robbyrnes/.arduino15/packages/esp32/hardware/esp32/3.0.2[0m
Compilation successful for /home/robbyrnes/git-repos/SSLClient/examples/Esp32-Arduino-IDE/https_post_sim7600/ for board: esp32:esp32:esp32doit-devkit-v1
Compiling example in directory: /home/robbyrnes/git-repos/SSLClient/examples/Esp32-Arduino-IDE/https_post_sim7600/ for board: esp32:esp32:esp32wroverkit
Sketch uses 521265 bytes (39%) of program storage space. Maximum is 1310720 bytes.
Global variables use 21496 bytes (6%) of dynamic memory, leaving 306184 bytes for local variables. Maximum is 327680 bytes.

[92mUsed library[0m      [92mVersion[0m [90mPath[0m
[93mTinyGSM[0m           0.12.0  [90m/home/robbyrnes/Arduino/libraries/TinyGSM[0m
[93mArduinoHttpClient[0m 0.6.0   [90m/home/robbyrnes/Arduino/libraries/ArduinoHttpClient[0m
[93mGovoroxSSLClient[0m  1.3.1   [90m/home/robbyrnes/Arduino/libraries/GovoroxSSLClient[0m

[92mUsed platform[0m [92mVersion[0m [90mPath[0m
[93mesp32:esp32[0m   3.0.2   [90m/home/robbyrnes/.arduino15/packages/esp32/hardware/esp32/3.0.2[0m
Compilation successful for /home/robbyrnes/git-repos/SSLClient/examples/Esp32-Arduino-IDE/https_post_sim7600/ for board: esp32:esp32:esp32wroverkit
Cleaning example in directory: /home/robbyrnes/git-repos/SSLClient/examples/Esp32-Arduino-IDE/https_post_sim7600/
Cleaning successful for /home/robbyrnes/git-repos/SSLClient/examples/Esp32-Arduino-IDE/https_post_sim7600/
/home/robbyrnes/git-repos/SSLClient/examples/Esp32-Arduino-IDE/https_wifi/
Compiling example in directory: /home/robbyrnes/git-repos/SSLClient/examples/Esp32-Arduino-IDE/https_wifi/ for board: esp32:esp32:esp32doit-devkit-v1
Sketch uses 988593 bytes (75%) of program storage space. Maximum is 1310720 bytes.
Global variables use 45556 bytes (13%) of dynamic memory, leaving 282124 bytes for local variables. Maximum is 327680 bytes.

[92mUsed library[0m      [92mVersion[0m [90mPath[0m
[93mArduinoHttpClient[0m 0.6.0   [90m/home/robbyrnes/Arduino/libraries/ArduinoHttpClient[0m
[93mWiFi[0m              2.0.0   [90m/home/robbyrnes/.arduino15/packages/esp32/hardware/esp32/3.0.2/libraries/WiFi[0m
[93mNetworking[0m        1.0.0   [90m/home/robbyrnes/.arduino15/packages/esp32/hardware/esp32/3.0.2/libraries/Network[0m
[93mGovoroxSSLClient[0m  1.3.1   [90m/home/robbyrnes/Arduino/libraries/GovoroxSSLClient[0m

[92mUsed platform[0m [92mVersion[0m [90mPath[0m
[93mesp32:esp32[0m   3.0.2   [90m/home/robbyrnes/.arduino15/packages/esp32/hardware/esp32/3.0.2[0m
Compilation successful for /home/robbyrnes/git-repos/SSLClient/examples/Esp32-Arduino-IDE/https_wifi/ for board: esp32:esp32:esp32doit-devkit-v1
Compiling example in directory: /home/robbyrnes/git-repos/SSLClient/examples/Esp32-Arduino-IDE/https_wifi/ for board: esp32:esp32:esp32wroverkit
Sketch uses 1000545 bytes (76%) of program storage space. Maximum is 1310720 bytes.
Global variables use 45636 bytes (13%) of dynamic memory, leaving 282044 bytes for local variables. Maximum is 327680 bytes.

[92mUsed library[0m      [92mVersion[0m [90mPath[0m
[93mArduinoHttpClient[0m 0.6.0   [90m/home/robbyrnes/Arduino/libraries/ArduinoHttpClient[0m
[93mWiFi[0m              2.0.0   [90m/home/robbyrnes/.arduino15/packages/esp32/hardware/esp32/3.0.2/libraries/WiFi[0m
[93mNetworking[0m        1.0.0   [90m/home/robbyrnes/.arduino15/packages/esp32/hardware/esp32/3.0.2/libraries/Network[0m
[93mGovoroxSSLClient[0m  1.3.1   [90m/home/robbyrnes/Arduino/libraries/GovoroxSSLClient[0m

[92mUsed platform[0m [92mVersion[0m [90mPath[0m
[93mesp32:esp32[0m   3.0.2   [90m/home/robbyrnes/.arduino15/packages/esp32/hardware/esp32/3.0.2[0m
Compilation successful for /home/robbyrnes/git-repos/SSLClient/examples/Esp32-Arduino-IDE/https_wifi/ for board: esp32:esp32:esp32wroverkit
Cleaning example in directory: /home/robbyrnes/git-repos/SSLClient/examples/Esp32-Arduino-IDE/https_wifi/
Cleaning successful for /home/robbyrnes/git-repos/SSLClient/examples/Esp32-Arduino-IDE/https_wifi/
/home/robbyrnes/git-repos/SSLClient/examples/Esp32-Arduino-IDE/mqtt_gsm_SIM800L_Azure_x509_Device_Twin/
Compiling example in directory: /home/robbyrnes/git-repos/SSLClient/examples/Esp32-Arduino-IDE/mqtt_gsm_SIM800L_Azure_x509_Device_Twin/ for board: esp32:esp32:esp32doit-devkit-v1
Sketch uses 519453 bytes (39%) of program storage space. Maximum is 1310720 bytes.
Global variables use 22584 bytes (6%) of dynamic memory, leaving 305096 bytes for local variables. Maximum is 327680 bytes.

[92mUsed library[0m     [92mVersion[0m [90mPath[0m
[93mWire[0m             2.0.0   [90m/home/robbyrnes/.arduino15/packages/esp32/hardware/esp32/3.0.2/libraries/Wire[0m
[93mGovoroxSSLClient[0m 1.3.1   [90m/home/robbyrnes/Arduino/libraries/GovoroxSSLClient[0m
[93mPubSubClient[0m     2.8     [90m/home/robbyrnes/Arduino/libraries/PubSubClient[0m
[93mTinyGSM[0m          0.12.0  [90m/home/robbyrnes/Arduino/libraries/TinyGSM[0m

[92mUsed platform[0m [92mVersion[0m [90mPath[0m
[93mesp32:esp32[0m   3.0.2   [90m/home/robbyrnes/.arduino15/packages/esp32/hardware/esp32/3.0.2[0m
Compilation successful for /home/robbyrnes/git-repos/SSLClient/examples/Esp32-Arduino-IDE/mqtt_gsm_SIM800L_Azure_x509_Device_Twin/ for board: esp32:esp32:esp32doit-devkit-v1
Compiling example in directory: /home/robbyrnes/git-repos/SSLClient/examples/Esp32-Arduino-IDE/mqtt_gsm_SIM800L_Azure_x509_Device_Twin/ for board: esp32:esp32:esp32wroverkit
Sketch uses 531417 bytes (40%) of program storage space. Maximum is 1310720 bytes.
Global variables use 22656 bytes (6%) of dynamic memory, leaving 305024 bytes for local variables. Maximum is 327680 bytes.

[92mUsed library[0m     [92mVersion[0m [90mPath[0m
[93mWire[0m             2.0.0   [90m/home/robbyrnes/.arduino15/packages/esp32/hardware/esp32/3.0.2/libraries/Wire[0m
[93mGovoroxSSLClient[0m 1.3.1   [90m/home/robbyrnes/Arduino/libraries/GovoroxSSLClient[0m
[93mPubSubClient[0m     2.8     [90m/home/robbyrnes/Arduino/libraries/PubSubClient[0m
[93mTinyGSM[0m          0.12.0  [90m/home/robbyrnes/Arduino/libraries/TinyGSM[0m

[92mUsed platform[0m [92mVersion[0m [90mPath[0m
[93mesp32:esp32[0m   3.0.2   [90m/home/robbyrnes/.arduino15/packages/esp32/hardware/esp32/3.0.2[0m
Compilation successful for /home/robbyrnes/git-repos/SSLClient/examples/Esp32-Arduino-IDE/mqtt_gsm_SIM800L_Azure_x509_Device_Twin/ for board: esp32:esp32:esp32wroverkit
Cleaning example in directory: /home/robbyrnes/git-repos/SSLClient/examples/Esp32-Arduino-IDE/mqtt_gsm_SIM800L_Azure_x509_Device_Twin/
Cleaning successful for /home/robbyrnes/git-repos/SSLClient/examples/Esp32-Arduino-IDE/mqtt_gsm_SIM800L_Azure_x509_Device_Twin/
/home/robbyrnes/git-repos/SSLClient/examples/Esp32-Arduino-IDE/mqtt_secure_gsm_SIM7000/
Compiling example in directory: /home/robbyrnes/git-repos/SSLClient/examples/Esp32-Arduino-IDE/mqtt_secure_gsm_SIM7000/ for board: esp32:esp32:esp32doit-devkit-v1
Sketch uses 499005 bytes (38%) of program storage space. Maximum is 1310720 bytes.
Global variables use 22176 bytes (6%) of dynamic memory, leaving 305504 bytes for local variables. Maximum is 327680 bytes.

[92mUsed library[0m     [92mVersion[0m [90mPath[0m
[93mGovoroxSSLClient[0m 1.3.1   [90m/home/robbyrnes/Arduino/libraries/GovoroxSSLClient[0m
[93mPubSubClient[0m     2.8     [90m/home/robbyrnes/Arduino/libraries/PubSubClient[0m
[93mTinyGSM[0m          0.12.0  [90m/home/robbyrnes/Arduino/libraries/TinyGSM[0m

[92mUsed platform[0m [92mVersion[0m [90mPath[0m
[93mesp32:esp32[0m   3.0.2   [90m/home/robbyrnes/.arduino15/packages/esp32/hardware/esp32/3.0.2[0m
Compilation successful for /home/robbyrnes/git-repos/SSLClient/examples/Esp32-Arduino-IDE/mqtt_secure_gsm_SIM7000/ for board: esp32:esp32:esp32doit-devkit-v1
Compiling example in directory: /home/robbyrnes/git-repos/SSLClient/examples/Esp32-Arduino-IDE/mqtt_secure_gsm_SIM7000/ for board: esp32:esp32:esp32wroverkit
Sketch uses 510761 bytes (38%) of program storage space. Maximum is 1310720 bytes.
Global variables use 22248 bytes (6%) of dynamic memory, leaving 305432 bytes for local variables. Maximum is 327680 bytes.

[92mUsed library[0m     [92mVersion[0m [90mPath[0m
[93mGovoroxSSLClient[0m 1.3.1   [90m/home/robbyrnes/Arduino/libraries/GovoroxSSLClient[0m
[93mPubSubClient[0m     2.8     [90m/home/robbyrnes/Arduino/libraries/PubSubClient[0m
[93mTinyGSM[0m          0.12.0  [90m/home/robbyrnes/Arduino/libraries/TinyGSM[0m

[92mUsed platform[0m [92mVersion[0m [90mPath[0m
[93mesp32:esp32[0m   3.0.2   [90m/home/robbyrnes/.arduino15/packages/esp32/hardware/esp32/3.0.2[0m
Compilation successful for /home/robbyrnes/git-repos/SSLClient/examples/Esp32-Arduino-IDE/mqtt_secure_gsm_SIM7000/ for board: esp32:esp32:esp32wroverkit
Cleaning example in directory: /home/robbyrnes/git-repos/SSLClient/examples/Esp32-Arduino-IDE/mqtt_secure_gsm_SIM7000/
Cleaning successful for /home/robbyrnes/git-repos/SSLClient/examples/Esp32-Arduino-IDE/mqtt_secure_gsm_SIM7000/
Compilation Summary:
====================
Example: https_post_sim7600, Board: esp32:esp32:esp32wroverkit, Result: Passed
Example: https_wifi, Board: esp32:esp32:esp32doit-devkit-v1, Result: Passed
Example: mqtt_gsm_SIM800L_Azure_x509_Device_Twin, Board: esp32:esp32:esp32doit-devkit-v1, Result: Passed
Example: mqtt_secure_gsm_SIM7000, Board: esp32:esp32:esp32doit-devkit-v1, Result: Passed
Example: https_get_sim7600, Board: esp32:esp32:esp32wroverkit, Result: Passed
Example: https_post_sim7600, Board: esp32:esp32:esp32doit-devkit-v1, Result: Passed
Example: https_eth_LilyGo-T-ETH-POE, Board: esp32:esp32:esp32doit-devkit-v1, Result: Passed
Example: https_gsm_SIM7000, Board: esp32:esp32:esp32doit-devkit-v1, Result: Passed
Example: https_gsm_SIM7000, Board: esp32:esp32:esp32wroverkit, Result: Passed
Example: mqtt_secure_gsm_SIM7000, Board: esp32:esp32:esp32wroverkit, Result: Passed
Example: mqtt_gsm_SIM800L_Azure_x509_Device_Twin, Board: esp32:esp32:esp32wroverkit, Result: Passed
Example: https_gsm_SIM800, Board: esp32:esp32:esp32wroverkit, Result: Passed
Example: https_get_sim7600, Board: esp32:esp32:esp32doit-devkit-v1, Result: Passed
Example: https_eth_LilyGo-T-ETH-POE, Board: esp32:esp32:esp32wroverkit, Result: Passed
Example: https_gsm_SIM800, Board: esp32:esp32:esp32doit-devkit-v1, Result: Passed
Example: https_wifi, Board: esp32:esp32:esp32wroverkit, Result: Passed
All examples processed. Check compile_errors.log for any compilation errors.
